src/navigation/AdminNavigator.tsx(18,6): error TS2769: No overload matches this call.
  Overload 1 of 2, '(props: Omit<DefaultRouterOptions<string> & { children: ReactNode; layout?: (props: { state: StackNavigationState<ParamListBase>; navigation: NavigationHelpers<...>; descriptors: Record<...>; children: ReactNode; }) => ReactElement<...>; ... 4 more ...; UNSTABLE_routeNamesChangeBehavior?: "firstMatch" | "lastUnhandled"; } & { ...; } & StackRouterOptions, "id" | ... 7 more ... | "UNSTABLE_routeNamesChangeBehavior"> & DefaultRouterOptions<...> & { ...; } & { ...; }, context?: any): string | ... 6 more ... | Component<...>', gave the following error.
    Property 'id' is missing in type '{ children: Element[]; initialRouteName: "AdminDashboard"; screenOptions: { headerShown: false; }; }' but required in type '{ id: string; }'.
  Overload 2 of 2, '(props: Omit<DefaultRouterOptions<string> & { children: ReactNode; layout?: (props: { state: StackNavigationState<ParamListBase>; navigation: NavigationHelpers<...>; descriptors: Record<...>; children: ReactNode; }) => ReactElement<...>; ... 4 more ...; UNSTABLE_routeNamesChangeBehavior?: "firstMatch" | "lastUnhandled"; } & { ...; } & StackRouterOptions, "id" | ... 7 more ... | "UNSTABLE_routeNamesChangeBehavior"> & DefaultRouterOptions<...> & { ...; } & { ...; }): string | ... 6 more ... | Component<...>', gave the following error.
    Property 'id' is missing in type '{ children: Element[]; initialRouteName: "AdminDashboard"; screenOptions: { headerShown: false; }; }' but required in type '{ id: string; }'.
src/navigation/DriverNavigator.tsx(12,6): error TS2769: No overload matches this call.
  Overload 1 of 2, '(props: Omit<DefaultRouterOptions<string> & { children: ReactNode; layout?: (props: { state: StackNavigationState<ParamListBase>; navigation: NavigationHelpers<...>; descriptors: Record<...>; children: ReactNode; }) => ReactElement<...>; ... 4 more ...; UNSTABLE_routeNamesChangeBehavior?: "firstMatch" | "lastUnhandled"; } & { ...; } & StackRouterOptions, "id" | ... 7 more ... | "UNSTABLE_routeNamesChangeBehavior"> & DefaultRouterOptions<...> & { ...; } & { ...; }, context?: any): string | ... 6 more ... | Component<...>', gave the following error.
    Property 'id' is missing in type '{ children: Element[]; initialRouteName: "DelivererTask"; screenOptions: { headerShown: false; }; }' but required in type '{ id: string; }'.
  Overload 2 of 2, '(props: Omit<DefaultRouterOptions<string> & { children: ReactNode; layout?: (props: { state: StackNavigationState<ParamListBase>; navigation: NavigationHelpers<...>; descriptors: Record<...>; children: ReactNode; }) => ReactElement<...>; ... 4 more ...; UNSTABLE_routeNamesChangeBehavior?: "firstMatch" | "lastUnhandled"; } & { ...; } & StackRouterOptions, "id" | ... 7 more ... | "UNSTABLE_routeNamesChangeBehavior"> & DefaultRouterOptions<...> & { ...; } & { ...; }): string | ... 6 more ... | Component<...>', gave the following error.
    Property 'id' is missing in type '{ children: Element[]; initialRouteName: "DelivererTask"; screenOptions: { headerShown: false; }; }' but required in type '{ id: string; }'.
src/navigation/RoleBasedNavigator.tsx(66,12): error TS2769: No overload matches this call.
  Overload 1 of 2, '(props: Omit<DefaultRouterOptions<string> & { children: ReactNode; layout?: (props: { state: StackNavigationState<ParamListBase>; navigation: NavigationHelpers<...>; descriptors: Record<...>; children: ReactNode; }) => ReactElement<...>; ... 4 more ...; UNSTABLE_routeNamesChangeBehavior?: "firstMatch" | "lastUnhandled"; } & { ...; } & StackRouterOptions, "id" | ... 7 more ... | "UNSTABLE_routeNamesChangeBehavior"> & DefaultRouterOptions<...> & { ...; } & { ...; }, context?: any): string | ... 6 more ... | Component<...>', gave the following error.
    Property 'id' is missing in type '{ children: Element; screenOptions: { headerShown: false; }; }' but required in type '{ id: string; }'.
  Overload 2 of 2, '(props: Omit<DefaultRouterOptions<string> & { children: ReactNode; layout?: (props: { state: StackNavigationState<ParamListBase>; navigation: NavigationHelpers<...>; descriptors: Record<...>; children: ReactNode; }) => ReactElement<...>; ... 4 more ...; UNSTABLE_routeNamesChangeBehavior?: "firstMatch" | "lastUnhandled"; } & { ...; } & StackRouterOptions, "id" | ... 7 more ... | "UNSTABLE_routeNamesChangeBehavior"> & DefaultRouterOptions<...> & { ...; } & { ...; }): string | ... 6 more ... | Component<...>', gave the following error.
    Property 'id' is missing in type '{ children: Element; screenOptions: { headerShown: false; }; }' but required in type '{ id: string; }'.
src/screens/admin/AddDriverScreen.tsx(87,112): error TS2307: Cannot find module '../utils/supabaseSync' or its corresponding type declarations.
src/screens/admin/AddPackageScreen.tsx(146,46): error TS2307: Cannot find module '../utils/localDatabase' or its corresponding type declarations.
src/screens/admin/AdminDashboardScreen.tsx(81,34): error TS2345: Argument of type '["Login"]' is not assignable to parameter of type '[screen: "AdminDashboard", params?: undefined] | [screen: "DriverList", params?: { mode?: "assign"; packageId?: string; onAssign?: (driverId: string) => void; }] | [screen: "AddDriver", params?: undefined] | [screen: "ModifyDriver", params?: { driver: any; }] | [screen: ...] | [screen: ...] | [screen: ...] | [screen...'.
  Type '["Login"]' is not assignable to type '[screen: "ChangeAdminPin", params?: undefined]'.
    Type at position 0 in source is not compatible with type at position 0 in target.
      Type '"Login"' is not assignable to type '"ChangeAdminPin"'.
src/screens/admin/AdminDashboardScreen.tsx(87,36): error TS2345: Argument of type '["Login"]' is not assignable to parameter of type '[screen: "AdminDashboard", params?: undefined] | [screen: "DriverList", params?: { mode?: "assign"; packageId?: string; onAssign?: (driverId: string) => void; }] | [screen: "AddDriver", params?: undefined] | [screen: "ModifyDriver", params?: { driver: any; }] | [screen: ...] | [screen: ...] | [screen: ...] | [screen...'.
  Type '["Login"]' is not assignable to type '[screen: "ChangeAdminPin", params?: undefined]'.
    Type at position 0 in source is not compatible with type at position 0 in target.
      Type '"Login"' is not assignable to type '"ChangeAdminPin"'.
src/screens/admin/AdminDashboardScreen.tsx(158,48): error TS2769: No overload matches this call.
  Argument of type '["PackageList"]' is not assignable to parameter of type '[screen: "AdminDashboard", params?: undefined, options?: { merge?: boolean; pop?: boolean; }] | [screen: "DriverList", params?: { mode?: "assign"; packageId?: string; onAssign?: (driverId: string) => void; }, options?: { merge?: boolean; pop?: boolean; }] | ... 5 more ... | [screen: ...]'.
    Type '["PackageList"]' is not assignable to type '[screen: "ChangeAdminPin", params?: undefined, options?: { merge?: boolean; pop?: boolean; }]'.
      Type at position 0 in source is not compatible with type at position 0 in target.
        Type '"PackageList"' is not assignable to type '"ChangeAdminPin"'.
  Overload 2 of 2, '(options: { name: "AdminDashboard"; params: undefined; path?: string; merge?: boolean; pop?: boolean; } | { name: "DriverList"; params: { mode?: "assign"; packageId?: string; onAssign?: (driverId: string) => void; }; path?: string; merge?: boolean; pop?: boolean; } | ... 5 more ... | { ...; }): void', gave the following error.
    Argument of type 'string' is not assignable to parameter of type '{ name: "AdminDashboard"; params: undefined; path?: string; merge?: boolean; pop?: boolean; } | { name: "DriverList"; params: { mode?: "assign"; packageId?: string; onAssign?: (driverId: string) => void; }; path?: string; merge?: boolean; pop?: boolean; } | ... 5 more ... | { ...; }'.
src/screens/admin/DriverListScreen.tsx(73,52): error TS2307: Cannot find module '../utils/localDatabase' or its corresponding type declarations.
src/screens/admin/DriverListScreen.tsx(130,50): error TS2307: Cannot find module '../utils/localDatabase' or its corresponding type declarations.
src/screens/admin/DriverListScreen.tsx(168,60): error TS2307: Cannot find module '../utils/supabaseSync' or its corresponding type declarations.
src/screens/admin/DriverListScreen.tsx(172,54): error TS2307: Cannot find module '../utils/localDatabase' or its corresponding type declarations.
src/screens/admin/DriverListScreen.tsx(194,51): error TS2307: Cannot find module '../utils/localDatabase' or its corresponding type declarations.
src/screens/admin/DriverListScreen.tsx(233,68): error TS2307: Cannot find module '../utils/localDatabase' or its corresponding type declarations.
src/screens/admin/DriverListScreen.tsx(267,54): error TS2307: Cannot find module '../utils/localDatabase' or its corresponding type declarations.
src/screens/admin/DriverListScreen.tsx(276,53): error TS2307: Cannot find module '../config/credentials' or its corresponding type declarations.
src/screens/admin/DriverListScreen.tsx(301,52): error TS2307: Cannot find module '../utils/localDatabase' or its corresponding type declarations.
src/screens/admin/ModifyDriverScreen.tsx(91,112): error TS2307: Cannot find module '../utils/supabaseSync' or its corresponding type declarations.
src/screens/auth/LoginScreen.tsx(87,32): error TS2345: Argument of type '"DelivererTask"' is not assignable to parameter of type '"Login"'.
src/screens/auth/LoginScreen.tsx(124,32): error TS2345: Argument of type '"DelivererTask"' is not assignable to parameter of type '"Login"'.
src/screens/auth/LoginScreen.tsx(220,28): error TS2345: Argument of type '"AdminDashboard"' is not assignable to parameter of type '"Login"'.
src/screens/driver/DelivererTaskScreen.tsx(310,24): error TS2345: Argument of type '["Login"]' is not assignable to parameter of type '[screen: "DelivererTask", params?: undefined] | [screen: "PackageList", params?: undefined]'.
  Type '["Login"]' is not assignable to type '[screen: "PackageList", params?: undefined]'.
    Type at position 0 in source is not compatible with type at position 0 in target.
      Type '"Login"' is not assignable to type '"PackageList"'.
